// Jest Snapshot v1, https://goo.gl/fbAQLP

exports[`calculateStyles should caluclate style 1`] = `"x css-17eot9t"`;
