// Jest Snapshot v1, https://goo.gl/fbAQLP

exports[`extractStyles should extract styles 1`] = `
Object {
  "&:hover, &:focus": Object {
    "color": "blue",
  },
  "color": "red",
}
`;
